// Jest Snapshot v1, https://goo.gl/fbAQLP

exports[`AccountsController createAccount should create and return a new account 1`] = `
{
  "balanceInCryptoAsset": 1,
  "balanceInReferenceCurrency": 10,
  "cryptoAsset": "BTC",
  "id": 1,
  "referenceCurrency": "USD",
}
`;

exports[`AccountsController getAccountById should return an account with the specified id 1`] = `
{
  "balanceInCryptoAsset": 1,
  "balanceInReferenceCurrency": 10,
  "cryptoAsset": "BTC",
  "id": 1,
  "referenceCurrency": "USD",
}
`;

exports[`AccountsController getAccountById should return null if the account is not found 1`] = `null`;

exports[`AccountsController getAllAccounts should return an array of accounts 1`] = `
[
  {
    "balanceInCryptoAsset": 1,
    "balanceInReferenceCurrency": 10,
    "cryptoAsset": "BTC",
    "id": 1,
    "referenceCurrency": "USD",
  },
]
`;
